// Jest Snapshot v1, https://goo.gl/fbAQLP

exports[`Address block should match the snapshot 1`] = `
<ForwardRef(styled.div)>
  <AddressInput
    fetchAddressList={[Function]}
    isAddressFetching={false}
    onClickOutside={[Function]}
    onKeyDown={[Function]}
  />
  <UNDEFINED
    addPoint={[Function]}
    addresses={Array []}
    isVisible={false}
  />
</ForwardRef(styled.div)>
`;
